

Code Coverage Report:     
  2020-05-15 09:21:50     
                          
 Summary:                 
  Classes: 100.00% (1/1)  
  Methods: 100.00% (37/37)
  Lines:   98.95% (94/95) 

ImageCharts
  Methods: 100.00% (37/37)   Lines: 100.00% ( 89/ 89)
